Testing Asteroid API for ID: 2513529
Keys in response: [
  'asteroidId',
  'name',
  'diameter',
  'velocity',
  'is_potentially_hazardous',
  'risk_score',
  'risk_category',
  'lastUpdated'
]
Full Response: {
  "asteroidId": "2513529",
  "name": "513529 (2010 CR1)",
  "diameter": {
    "min": 0.5426939457,
    "max": 1.2135005535
  },
  "velocity": {
    "km_per_second": 16.5825942188,
    "km_per_hour": 59697.339187541
  },
  "is_potentially_hazardous": false,
  "risk_score": 35,
  "risk_category": "Low",
  "lastUpdated": "2026-02-08T03:45:35.504Z"
}
